VERIFICATION LOG - TASK 2 TRIPLETEX DASHBOARD
Timestamp: 2026-03-21 12:00:00

1. SECURITY VERIFICATION
   [PASS] Dashboard uses HTTP Basic Auth via verify_dashboard_access().
   [PASS] Credentials checked against APP_API_KEY using secrets.compare_digest().
   [PASS] API endpoints (/api/runs, /api/raw-requests) inherit auth dependencies.

2. DATA PRIVACY VERIFICATION
   [PASS] Middleware log_all_requests() captures all HTTP traffic.
   [PASS] Header redaction matches "authorization" case-insensitively.
   [PASS] Body redaction (_redact_body) masks "session_token" in JSON payloads.
   [PASS] Raw requests endpoint reads from redacted log file.

3. FUNCTIONALITY VERIFICATION
   [PASS] Dashboard HTML serves correctly.
   [PASS] Active runs are tracked in memory and merged with disk logs.
   [PASS] Competition scores are fetched and matched to local runs.
   [PASS] Batch runner implemented for bulk submissions.

4. TEST VERIFICATION
   [PASS] tests/test_dashboard.py passed (4 tests).
   [PASS] Auth success/failure scenarios covered.
   [PASS] Log redaction specifically tested.

VERDICT: COMPLETE AND PRODUCTION-READY.
