[05:07:10 UTC] === Autorun started ===
[05:07:11 UTC] Active round: 795bfb1f (round 12, closes 2026-03-21T06:06:46.272337+00:00)
[05:07:11 UTC] Waiting for round 795bfb1f to complete (polling every 30s)...
[06:10:55 UTC] Round 795bfb1f status: scoring
[06:10:55 UTC] Waiting for scoring to finish (timeout 600s)...
[06:10:55 UTC]   Status: scoring
[06:11:25 UTC] Scoring complete!
[06:11:25 UTC] Running analysis (analyze.py --all)...
[07:11:26] Fetching all rounds...
[07:11:26] Found 12 completed round(s)
[07:11:26] Fetching round detail for 795bfb1f-54bd-4f39-a526-9868b36f7ebd...
[07:11:26]   Round 12: 40x40, 5 seeds
[07:11:26]   Fetching analysis for seed 0...
[07:11:26]     Score: 56.063, GT shape: (40, 40, 6)
[07:11:26]   Fetching analysis for seed 1...
[07:11:27]     Score: 54.6174, GT shape: (40, 40, 6)
[07:11:27]   Fetching analysis for seed 2...
[07:11:28]     Score: 55.195, GT shape: (40, 40, 6)
[07:11:28]   Fetching analysis for seed 3...
[07:11:28]     Score: 55.7081, GT shape: (40, 40, 6)
[07:11:28]   Fetching analysis for seed 4...
[07:11:28]     Score: 55.824, GT shape: (40, 40, 6)

============================================================
  ASTAR ISLAND — Round 12 Analysis
============================================================

--- Per-Seed Scores ---
  Seed 0: 56.06
  Seed 1: 54.62
  Seed 2: 55.20
  Seed 3: 55.71
  Seed 4: 55.82
  Average: 55.48

--- Per-Seed Dynamics ---
  Seed 0: 649 dynamic cells, avg weighted KL = 0.1929
  Seed 1: 592 dynamic cells, avg weighted KL = 0.2016
  Seed 2: 725 dynamic cells, avg weighted KL = 0.1981
  Seed 3: 789 dynamic cells, avg weighted KL = 0.1950
  Seed 4: 654 dynamic cells, avg weighted KL = 0.1943

--- Per-Terrain Analysis ---
  Terrain         Cells   Avg KL  Avg Entropy
  -------------- ------ -------- ------------
  Forest           1734   0.1283       0.3162
  Settlement        220   0.1228       0.8909
  Port               10   0.1208       1.3148
  Plains           4814   0.1006       0.2892
  Ocean            1057   0.0000       0.0000
  Mountain          165   0.0000       0.0000

--- Class Distribution Bias (dynamic cells only) ---
  Class           Predicted     Actual       Bias
  -------------- ---------- ---------- ----------
  Empty              0.6123     0.6078 +   0.0045
  Settlement         0.1542     0.1604   -0.0062
  Port               0.0107     0.0102 +   0.0005
  Ruin               0.0038     0.0063   -0.0025
  Forest             0.2190     0.2153 +   0.0037
  Mountain           0.0000     0.0000 +   0.0000

--- Calibrated Priors (top 15 archetypes by cell count) ---
  Archetype                                                   N   Empt   Sett   Port   Ruin   Fore   Moun
  ------------------------------------------------------- -----  -----  -----  -----  -----  -----  -----
  CellArchetype(initial_terrain=11, is_coastal=False, dis  2678  0.939  0.057  0.000  0.001  0.002  0.000
  CellArchetype(initial_terrain=11, is_coastal=False, dis  1048  0.525  0.410  0.000  0.017  0.047  0.000
  CellArchetype(initial_terrain=4, is_coastal=False, dist   939  0.004  0.062  0.000  0.002  0.933  0.000
  CellArchetype(initial_terrain=10, is_coastal=False, dis   714  1.000  0.000  0.000  0.000  0.000  0.000
  CellArchetype(initial_terrain=11, is_coastal=True, dist   602  0.967  0.022  0.009  0.001  0.001  0.000
  CellArchetype(initial_terrain=4, is_coastal=False, dist   382  0.117  0.454  0.000  0.019  0.409  0.000
  CellArchetype(initial_terrain=10, is_coastal=False, dis   286  1.000  0.000  0.000  0.000  0.000  0.000
  CellArchetype(initial_terrain=4, is_coastal=True, dist_   226  0.002  0.026  0.017  0.001  0.954  0.000
  CellArchetype(initial_terrain=1, is_coastal=False, dist   203  0.255  0.605  0.000  0.020  0.120  0.000
  CellArchetype(initial_terrain=11, is_coastal=False, dis   200  1.000  0.000  0.000  0.000  0.000  0.000
  CellArchetype(initial_terrain=11, is_coastal=True, dist   169  0.508  0.222  0.208  0.017  0.044  0.000
  CellArchetype(initial_terrain=5, is_coastal=False, dist   121  0.000  0.000  0.000  0.000  0.000  1.000
  CellArchetype(initial_terrain=11, is_coastal=True, dist   117  1.000  0.000  0.000  0.000  0.000  0.000
  CellArchetype(initial_terrain=4, is_coastal=False, dist    81  0.000  0.000  0.000  0.000  1.000  0.000
  CellArchetype(initial_terrain=4, is_coastal=True, dist_    58  0.109  0.213  0.231  0.021  0.427  0.000

[07:11:28] Fetching round detail for 324fde07-1670-4202-b199-7aa92ecb40ee...
[07:11:28]   Round 11: 40x40, 5 seeds
[07:11:28]   Fetching analysis for seed 0...
[07:11:28]     Score: 89.7761, GT shape: (40, 40, 6)
[07:11:29]   Fetching analysis for seed 1...
[07:11:29]     Score: 89.4054, GT shape: (40, 40, 6)
[07:11:29]   Fetching analysis for seed 2...
[07:11:29]     Score: 87.7674, GT shape: (40, 40, 6)
[07:11:29]   Fetching analysis for seed 3...
[07:11:30]     Score: 89.9038, GT shape: (40, 40, 6)
[07:11:30]   Fetching analysis for seed 4...
[07:11:30]     Score: 89.4926, GT shape: (40, 40, 6)

============================================================
  ASTAR ISLAND — Round 11 Analysis
============================================================

--- Per-Seed Scores ---
  Seed 0: 89.78
  Seed 1: 89.41
  Seed 2: 87.77
  Seed 3: 89.90
  Seed 4: 89.49
  Average: 89.27

--- Per-Seed Dynamics ---
  Seed 0: 1336 dynamic cells, avg weighted KL = 0.0360
  Seed 1: 1304 dynamic cells, avg weighted KL = 0.0373
  Seed 2: 1351 dynamic cells, avg weighted KL = 0.0435
  Seed 3: 1324 dynamic cells, avg weighted KL = 0.0355
  Seed 4: 1300 dynamic cells, avg weighted KL = 0.0370

--- Per-Terrain Analysis ---
  Terrain         Cells   Avg KL  Avg Entropy
  -------------- ------ -------- ------------
  Port                4   0.1134       1.4358
  Forest           1696   0.0483       0.8803
  Plains           4789   0.0395       0.7837
  Settlement        186   0.0275       1.1061
  Ocean            1151   0.0000       0.0000
  Mountain          174   0.0000       0.0000

--- Class Distribution Bias (dynamic cells only) ---
  Class           Predicted     Actual       Bias
  -------------- ---------- ---------- ----------
  Empty              0.4877     0.4987   -0.0109
  Settlement         0.2949     0.2839 +   0.0111
  Port               0.0171     0.0161 +   0.0010
  Ruin               0.0184     0.0186   -0.0002
  Forest             0.1818     0.1828   -0.0009
  Mountain           0.0000     0.0000 +   0.0000

--- Calibrated Priors (top 15 archetypes by cell count) ---
  Archetype                                                   N   Empt   Sett   Port   Ruin   Fore   Moun
  ------------------------------------------------------- -----  -----  -----  -----  -----  -----  -----
  CellArchetype(initial_terrain=11, is_coastal=False, dis  2509  0.628  0.316  0.000  0.019  0.038  0.000
  CellArchetype(initial_terrain=11, is_coastal=False, dis   928  0.520  0.404  0.000  0.026  0.050  0.000
  CellArchetype(initial_terrain=4, is_coastal=False, dist   897  0.082  0.324  0.000  0.019  0.575  0.000
  CellArchetype(initial_terrain=11, is_coastal=True, dist   647  0.718  0.143  0.091  0.016  0.032  0.000
  CellArchetype(initial_terrain=10, is_coastal=False, dis   624  1.000  0.000  0.000  0.000  0.000  0.000
  CellArchetype(initial_terrain=10, is_coastal=False, dis   499  1.000  0.000  0.000  0.000  0.000  0.000
  CellArchetype(initial_terrain=4, is_coastal=False, dist   332  0.111  0.416  0.000  0.026  0.447  0.000
  CellArchetype(initial_terrain=11, is_coastal=True, dist   309  0.933  0.038  0.020  0.003  0.006  0.000
  CellArchetype(initial_terrain=11, is_coastal=False, dis   291  0.904  0.083  0.000  0.005  0.008  0.000
  CellArchetype(initial_terrain=4, is_coastal=True, dist_   220  0.072  0.155  0.093  0.016  0.665  0.000
  CellArchetype(initial_terrain=1, is_coastal=False, dist   173  0.316  0.503  0.000  0.037  0.143  0.000
  CellArchetype(initial_terrain=5, is_coastal=False, dist   136  0.000  0.000  0.000  0.000  0.000  1.000
  CellArchetype(initial_terrain=4, is_coastal=False, dist   117  0.015  0.087  0.000  0.005  0.894  0.000
  CellArchetype(initial_terrain=11, is_coastal=True, dist   105  0.576  0.227  0.123  0.024  0.050  0.000
  CellArchetype(initial_terrain=4, is_coastal=True, dist_    97  0.013  0.037  0.020  0.003  0.927  0.000

[07:11:30] Fetching round detail for 75e625c3-60cb-4392-af3e-c86a98bde8c2...
[07:11:30]   Round 10: 40x40, 5 seeds
[07:11:30]   Fetching analysis for seed 0...
[07:11:31]     Score: 62.0831, GT shape: (40, 40, 6)
[07:11:31]   Fetching analysis for seed 1...
[07:11:31]     Score: 61.0651, GT shape: (40, 40, 6)
[07:11:31]   Fetching analysis for seed 2...
[07:11:33]     Score: 60.7386, GT shape: (40, 40, 6)
[07:11:33]   Fetching analysis for seed 3...
[07:11:33]     Score: 59.467, GT shape: (40, 40, 6)
[07:11:33]   Fetching analysis for seed 4...
[07:11:34]     Score: 60.7055, GT shape: (40, 40, 6)

============================================================
  ASTAR ISLAND — Round 10 Analysis
============================================================

--- Per-Seed Scores ---
  Seed 0: 62.08
  Seed 1: 61.07
  Seed 2: 60.74
  Seed 3: 59.47
  Seed 4: 60.71
  Average: 60.81

--- Per-Seed Dynamics ---
  Seed 0: 540 dynamic cells, avg weighted KL = 0.1589
  Seed 1: 666 dynamic cells, avg weighted KL = 0.1644
  Seed 2: 506 dynamic cells, avg weighted KL = 0.1662
  Seed 3: 683 dynamic cells, avg weighted KL = 0.1732
  Seed 4: 613 dynamic cells, avg weighted KL = 0.1664

--- Per-Terrain Analysis ---
  Terrain         Cells   Avg KL  Avg Entropy
  -------------- ------ -------- ------------
  Port                9   0.2137       0.8011
  Forest           1698   0.2134       0.1405
  Settlement        229   0.2018       0.8536
  Plains           4896   0.1723       0.0929
  Ocean            1026   0.0000       0.0000
  Mountain          142   0.0000       0.0000

--- Class Distribution Bias (dynamic cells only) ---
  Class           Predicted     Actual       Bias
  -------------- ---------- ---------- ----------
  Empty              0.6101     0.7263   -0.1163
  Settlement         0.1433     0.0114 +   0.1319
  Port               0.0085     0.0003 +   0.0082
  Ruin               0.0163     0.0016 +   0.0147
  Forest             0.2219     0.2604   -0.0385
  Mountain           0.0000     0.0000 +   0.0000

--- Calibrated Priors (top 15 archetypes by cell count) ---
  Archetype                                                   N   Empt   Sett   Port   Ruin   Fore   Moun
  ------------------------------------------------------- -----  -----  -----  -----  -----  -----  -----
  CellArchetype(initial_terrain=11, is_coastal=False, dis  2755  0.996  0.002  0.000  0.000  0.001  0.000
  CellArchetype(initial_terrain=11, is_coastal=False, dis  1105  0.919  0.030  0.000  0.004  0.047  0.000
  CellArchetype(initial_terrain=4, is_coastal=False, dist   923  0.003  0.003  0.000  0.000  0.994  0.000
  CellArchetype(initial_terrain=10, is_coastal=False, dis   676  1.000  0.000  0.000  0.000  0.000  0.000
  CellArchetype(initial_terrain=11, is_coastal=True, dist   572  0.998  0.001  0.000  0.000  0.001  0.000
  CellArchetype(initial_terrain=4, is_coastal=False, dist   428  0.097  0.035  0.000  0.004  0.864  0.000
  CellArchetype(initial_terrain=10, is_coastal=False, dis   319  1.000  0.000  0.000  0.000  0.000  0.000
  CellArchetype(initial_terrain=1, is_coastal=False, dist   215  0.617  0.059  0.000  0.007  0.316  0.000
  CellArchetype(initial_terrain=4, is_coastal=True, dist_   207  0.001  0.001  0.000  0.000  0.997  0.000
  CellArchetype(initial_terrain=11, is_coastal=True, dist   159  1.000  0.000  0.000  0.000  0.000  0.000
  CellArchetype(initial_terrain=11, is_coastal=False, dis   158  1.000  0.000  0.000  0.000  0.000  0.000
  CellArchetype(initial_terrain=11, is_coastal=True, dist   147  0.927  0.012  0.008  0.004  0.050  0.000
  CellArchetype(initial_terrain=5, is_coastal=False, dist   106  0.000  0.000  0.000  0.000  0.000  1.000
  CellArchetype(initial_terrain=4, is_coastal=True, dist_    48  0.000  0.000  0.000  0.000  1.000  0.000
  CellArchetype(initial_terrain=4, is_coastal=False, dist    46  0.000  0.000  0.000  0.000  1.000  0.000

[07:11:34] Fetching round detail for 2a341ace-0f57-4309-9b89-e59fe0f09179...
[07:11:34]   Round 9: 40x40, 5 seeds
[07:11:34]   Fetching analysis for seed 0...
[07:11:34]     Score: 91.6974, GT shape: (40, 40, 6)
[07:11:34]   Fetching analysis for seed 1...
[07:11:34]     Score: 93.0617, GT shape: (40, 40, 6)
[07:11:34]   Fetching analysis for seed 2...
[07:11:36]     Score: 93.4814, GT shape: (40, 40, 6)
[07:11:36]   Fetching analysis for seed 3...
[07:11:36]     Score: 93.2198, GT shape: (40, 40, 6)
[07:11:36]   Fetching analysis for seed 4...
[07:11:39]     Score: 92.9448, GT shape: (40, 40, 6)

============================================================
  ASTAR ISLAND — Round 9 Analysis
============================================================

--- Per-Seed Scores ---
  Seed 0: 91.70
  Seed 1: 93.06
  Seed 2: 93.48
  Seed 3: 93.22
  Seed 4: 92.94
  Average: 92.88

--- Per-Seed Dynamics ---
  Seed 0: 1319 dynamic cells, avg weighted KL = 0.0289
  Seed 1: 1355 dynamic cells, avg weighted KL = 0.0240
  Seed 2: 1396 dynamic cells, avg weighted KL = 0.0225
  Seed 3: 1356 dynamic cells, avg weighted KL = 0.0234
  Seed 4: 1349 dynamic cells, avg weighted KL = 0.0244

--- Per-Terrain Analysis ---
  Terrain         Cells   Avg KL  Avg Entropy
  -------------- ------ -------- ------------
  Port                9   0.1412       1.1491
  Forest           1732   0.0354       0.7956
  Settlement        210   0.0242       1.1340
  Plains           4837   0.0235       0.6750
  Ocean            1067   0.0000       0.0000
  Mountain          145   0.0000       0.0000

--- Class Distribution Bias (dynamic cells only) ---
  Class           Predicted     Actual       Bias
  -------------- ---------- ---------- ----------
  Empty              0.5948     0.6027   -0.0079
  Settlement         0.1505     0.1419 +   0.0086
  Port               0.0097     0.0088 +   0.0009
  Ruin               0.0191     0.0170 +   0.0021
  Forest             0.2259     0.2297   -0.0037
  Mountain           0.0000     0.0000 +   0.0000

--- Calibrated Priors (top 15 archetypes by cell count) ---
  Archetype                                                   N   Empt   Sett   Port   Ruin   Fore   Moun
  ------------------------------------------------------- -----  -----  -----  -----  -----  -----  -----
  CellArchetype(initial_terrain=11, is_coastal=False, dis  2605  0.778  0.151  0.000  0.017  0.054  0.000
  CellArchetype(initial_terrain=11, is_coastal=False, dis  1051  0.732  0.184  0.000  0.021  0.064  0.000
  CellArchetype(initial_terrain=4, is_coastal=False, dist   968  0.111  0.154  0.000  0.017  0.719  0.000
  CellArchetype(initial_terrain=10, is_coastal=False, dis   649  1.000  0.000  0.000  0.000  0.000  0.000
  CellArchetype(initial_terrain=11, is_coastal=True, dist   611  0.824  0.068  0.052  0.013  0.042  0.000
  CellArchetype(initial_terrain=4, is_coastal=False, dist   375  0.131  0.188  0.000  0.022  0.658  0.000
  CellArchetype(initial_terrain=10, is_coastal=False, dis   371  1.000  0.000  0.000  0.000  0.000  0.000
  CellArchetype(initial_terrain=11, is_coastal=False, dis   228  0.912  0.065  0.000  0.007  0.016  0.000
  CellArchetype(initial_terrain=11, is_coastal=True, dist   214  0.931  0.030  0.020  0.005  0.015  0.000
  CellArchetype(initial_terrain=4, is_coastal=True, dist_   203  0.091  0.070  0.049  0.014  0.776  0.000
  CellArchetype(initial_terrain=1, is_coastal=False, dist   200  0.466  0.282  0.000  0.027  0.225  0.000
  CellArchetype(initial_terrain=11, is_coastal=True, dist   128  0.775  0.088  0.067  0.016  0.054  0.000
  CellArchetype(initial_terrain=5, is_coastal=False, dist   103  0.000  0.000  0.000  0.000  0.000  1.000
  CellArchetype(initial_terrain=4, is_coastal=True, dist_    78  0.031  0.029  0.016  0.005  0.920  0.000
  CellArchetype(initial_terrain=4, is_coastal=False, dist    72  0.033  0.066  0.000  0.008  0.893  0.000

[07:11:39] Fetching round detail for c5cdf100-a876-4fb7-b5d8-757162c97989...
[07:11:39]   Round 8: 40x40, 5 seeds
[07:11:39]   Fetching analysis for seed 0...
[07:11:39]     Score: 92.8897, GT shape: (40, 40, 6)
[07:11:39]   Fetching analysis for seed 1...
[07:11:40]     Score: 94.8823, GT shape: (40, 40, 6)
[07:11:40]   Fetching analysis for seed 2...
[07:11:41]     Score: 93.3678, GT shape: (40, 40, 6)
[07:11:41]   Fetching analysis for seed 3...
[07:11:41]     Score: 94.7866, GT shape: (40, 40, 6)
[07:11:41]   Fetching analysis for seed 4...
[07:11:41]     Score: 93.3799, GT shape: (40, 40, 6)

============================================================
  ASTAR ISLAND — Round 8 Analysis
============================================================

--- Per-Seed Scores ---
  Seed 0: 92.89
  Seed 1: 94.88
  Seed 2: 93.37
  Seed 3: 94.79
  Seed 4: 93.38
  Average: 93.86

--- Per-Seed Dynamics ---
  Seed 0: 1347 dynamic cells, avg weighted KL = 0.0246
  Seed 1: 1344 dynamic cells, avg weighted KL = 0.0175
  Seed 2: 1346 dynamic cells, avg weighted KL = 0.0229
  Seed 3: 1297 dynamic cells, avg weighted KL = 0.0178
  Seed 4: 1312 dynamic cells, avg weighted KL = 0.0228

--- Per-Terrain Analysis ---
  Terrain         Cells   Avg KL  Avg Entropy
  -------------- ------ -------- ------------
  Port               10   0.1380       0.7830
  Forest           1693   0.0235       0.3700
  Settlement        218   0.0213       0.8829
  Plains           4875   0.0183       0.2731
  Ocean            1065   0.0000       0.0000
  Mountain          139   0.0000       0.0000

--- Class Distribution Bias (dynamic cells only) ---
  Class           Predicted     Actual       Bias
  -------------- ---------- ---------- ----------
  Empty              0.7091     0.7098   -0.0007
  Settlement         0.0247     0.0261   -0.0014
  Port               0.0021     0.0011 +   0.0010
  Ruin               0.0039     0.0044   -0.0005
  Forest             0.2603     0.2587 +   0.0016
  Mountain           0.0000     0.0000 +   0.0000

--- Calibrated Priors (top 15 archetypes by cell count) ---
  Archetype                                                   N   Empt   Sett   Port   Ruin   Fore   Moun
  ------------------------------------------------------- -----  -----  -----  -----  -----  -----  -----
  CellArchetype(initial_terrain=11, is_coastal=False, dis  2564  0.935  0.027  0.000  0.004  0.034  0.000
  CellArchetype(initial_terrain=11, is_coastal=False, dis  1084  0.909  0.038  0.000  0.006  0.046  0.000
  CellArchetype(initial_terrain=4, is_coastal=False, dist   909  0.068  0.026  0.000  0.004  0.902  0.000
  CellArchetype(initial_terrain=10, is_coastal=False, dis   666  1.000  0.000  0.000  0.000  0.000  0.000
  CellArchetype(initial_terrain=11, is_coastal=True, dist   646  0.955  0.009  0.006  0.003  0.027  0.000
  CellArchetype(initial_terrain=4, is_coastal=False, dist   381  0.098  0.040  0.000  0.006  0.856  0.000
  CellArchetype(initial_terrain=10, is_coastal=False, dis   355  1.000  0.000  0.000  0.000  0.000  0.000
  CellArchetype(initial_terrain=11, is_coastal=False, dis   259  0.986  0.006  0.000  0.001  0.006  0.000
  CellArchetype(initial_terrain=4, is_coastal=True, dist_   205  0.059  0.010  0.006  0.003  0.922  0.000
  CellArchetype(initial_terrain=1, is_coastal=False, dist   204  0.613  0.070  0.000  0.011  0.306  0.000
  CellArchetype(initial_terrain=11, is_coastal=True, dist   181  0.992  0.002  0.001  0.001  0.004  0.000
  CellArchetype(initial_terrain=11, is_coastal=True, dist   141  0.931  0.015  0.009  0.005  0.041  0.000
  CellArchetype(initial_terrain=4, is_coastal=False, dist   101  0.012  0.007  0.000  0.001  0.981  0.000
  CellArchetype(initial_terrain=5, is_coastal=False, dist    83  0.000  0.000  0.000  0.000  0.000  1.000
  CellArchetype(initial_terrain=4, is_coastal=True, dist_    50  0.011  0.002  0.002  0.001  0.984  0.000

[07:11:41] Fetching round detail for 36e581f1-73f8-453f-ab98-cbe3052b701b...
[07:11:42]   Round 7: 40x40, 5 seeds
[07:11:42]   Fetching analysis for seed 0...
[07:11:42]     Score: 62.209, GT shape: (40, 40, 6)
[07:11:42]   Fetching analysis for seed 1...
[07:11:44]     Score: 65.8904, GT shape: (40, 40, 6)
[07:11:44]   Fetching analysis for seed 2...
[07:11:44]     Score: 69.4366, GT shape: (40, 40, 6)
[07:11:44]   Fetching analysis for seed 3...
[07:11:45]     Score: 64.5632, GT shape: (40, 40, 6)
[07:11:45]   Fetching analysis for seed 4...
[07:11:45]     Score: 69.7865, GT shape: (40, 40, 6)

============================================================
  ASTAR ISLAND — Round 7 Analysis
============================================================

--- Per-Seed Scores ---
  Seed 0: 62.21
  Seed 1: 65.89
  Seed 2: 69.44
  Seed 3: 64.56
  Seed 4: 69.79
  Average: 66.38

--- Per-Seed Dynamics ---
  Seed 0: 820 dynamic cells, avg weighted KL = 0.1582
  Seed 1: 993 dynamic cells, avg weighted KL = 0.1391
  Seed 2: 934 dynamic cells, avg weighted KL = 0.1216
  Seed 3: 918 dynamic cells, avg weighted KL = 0.1458
  Seed 4: 944 dynamic cells, avg weighted KL = 0.1199

--- Per-Terrain Analysis ---
  Terrain         Cells   Avg KL  Avg Entropy
  -------------- ------ -------- ------------
  Forest           1653   0.1371       0.5024
  Port               15   0.1222       1.3089
  Plains           4904   0.0999       0.4093
  Settlement        256   0.0872       1.0777
  Ocean            1030   0.0000       0.0000
  Mountain          142   0.0000       0.0000

--- Class Distribution Bias (dynamic cells only) ---
  Class           Predicted     Actual       Bias
  -------------- ---------- ---------- ----------
  Empty              0.6165     0.6140 +   0.0025
  Settlement         0.1575     0.1609   -0.0034
  Port               0.0124     0.0104 +   0.0020
  Ruin               0.0127     0.0118 +   0.0010
  Forest             0.2009     0.2029   -0.0020
  Mountain           0.0000     0.0000 +   0.0000

--- Calibrated Priors (top 15 archetypes by cell count) ---
  Archetype                                                   N   Empt   Sett   Port   Ruin   Fore   Moun
  ------------------------------------------------------- -----  -----  -----  -----  -----  -----  -----
  CellArchetype(initial_terrain=11, is_coastal=False, dis  2619  0.911  0.077  0.000  0.005  0.007  0.000
  CellArchetype(initial_terrain=11, is_coastal=False, dis  1241  0.584  0.331  0.000  0.023  0.061  0.000
  CellArchetype(initial_terrain=4, is_coastal=False, dist   866  0.020  0.088  0.000  0.006  0.886  0.000
  CellArchetype(initial_terrain=10, is_coastal=False, dis   778  1.000  0.000  0.000  0.000  0.000  0.000
  CellArchetype(initial_terrain=11, is_coastal=True, dist   663  0.928  0.043  0.022  0.003  0.004  0.000
  CellArchetype(initial_terrain=4, is_coastal=False, dist   456  0.150  0.359  0.000  0.025  0.466  0.000
  CellArchetype(initial_terrain=1, is_coastal=False, dist   239  0.373  0.427  0.000  0.035  0.165  0.000
  CellArchetype(initial_terrain=10, is_coastal=False, dis   192  1.000  0.000  0.000  0.000  0.000  0.000
  CellArchetype(initial_terrain=11, is_coastal=True, dist   189  0.580  0.191  0.161  0.022  0.046  0.000
  CellArchetype(initial_terrain=4, is_coastal=True, dist_   187  0.010  0.054  0.030  0.003  0.902  0.000
  CellArchetype(initial_terrain=11, is_coastal=False, dis   111  1.000  0.000  0.000  0.000  0.000  0.000
  CellArchetype(initial_terrain=5, is_coastal=False, dist   103  0.000  0.000  0.000  0.000  0.000  1.000
  CellArchetype(initial_terrain=11, is_coastal=True, dist    81  1.000  0.000  0.000  0.000  0.000  0.000
  CellArchetype(initial_terrain=4, is_coastal=True, dist_    79  0.136  0.265  0.167  0.026  0.405  0.000
  CellArchetype(initial_terrain=10, is_coastal=False, dis    60  1.000  0.000  0.000  0.000  0.000  0.000

[07:11:45] Fetching round detail for ae78003a-4efe-425a-881a-d16a39bca0ad...
[07:11:46]   Round 6: 40x40, 5 seeds
[07:11:46]   Fetching analysis for seed 0...
[07:11:47]     Score: 86.927, GT shape: (40, 40, 6)
[07:11:47]   Fetching analysis for seed 1...
[07:11:47]     Score: 86.3064, GT shape: (40, 40, 6)
[07:11:47]   Fetching analysis for seed 2...
[07:11:48]     Score: 86.0388, GT shape: (40, 40, 6)
[07:11:48]   Fetching analysis for seed 3...
[07:11:48]     Score: 87.144, GT shape: (40, 40, 6)
[07:11:48]   Fetching analysis for seed 4...
[07:11:50]     Score: 88.0709, GT shape: (40, 40, 6)

============================================================
  ASTAR ISLAND — Round 6 Analysis
============================================================

--- Per-Seed Scores ---
  Seed 0: 86.93
  Seed 1: 86.31
  Seed 2: 86.04
  Seed 3: 87.14
  Seed 4: 88.07
  Average: 86.90

--- Per-Seed Dynamics ---
  Seed 0: 1394 dynamic cells, avg weighted KL = 0.0467
  Seed 1: 1358 dynamic cells, avg weighted KL = 0.0491
  Seed 2: 1319 dynamic cells, avg weighted KL = 0.0501
  Seed 3: 1384 dynamic cells, avg weighted KL = 0.0459
  Seed 4: 1378 dynamic cells, avg weighted KL = 0.0423

--- Per-Terrain Analysis ---
  Terrain         Cells   Avg KL  Avg Entropy
  -------------- ------ -------- ------------
  Port                5   0.1487       1.4133
  Forest           1732   0.0582       1.0380
  Plains           4863   0.0421       0.9039
  Settlement        234   0.0388       1.1345
  Ocean             992   0.0000       0.0000
  Mountain          174   0.0000       0.0000

--- Class Distribution Bias (dynamic cells only) ---
  Class           Predicted     Actual       Bias
  -------------- ---------- ---------- ----------
  Empty              0.5169     0.5072 +   0.0097
  Settlement         0.2430     0.2526   -0.0095
  Port               0.0171     0.0170 +   0.0001
  Ruin               0.0302     0.0327   -0.0025
  Forest             0.1928     0.1905 +   0.0023
  Mountain           0.0000     0.0000 +   0.0000

--- Calibrated Priors (top 15 archetypes by cell count) ---
  Archetype                                                   N   Empt   Sett   Port   Ruin   Fore   Moun
  ------------------------------------------------------- -----  -----  -----  -----  -----  -----  -----
  CellArchetype(initial_terrain=11, is_coastal=False, dis  2690  0.642  0.254  0.000  0.034  0.069  0.000
  CellArchetype(initial_terrain=11, is_coastal=False, dis  1202  0.590  0.304  0.000  0.034  0.071  0.000
  CellArchetype(initial_terrain=4, is_coastal=False, dist  1015  0.162  0.255  0.000  0.036  0.547  0.000
  CellArchetype(initial_terrain=10, is_coastal=False, dis   657  1.000  0.000  0.000  0.000  0.000  0.000
  CellArchetype(initial_terrain=11, is_coastal=True, dist   538  0.647  0.162  0.120  0.026  0.044  0.000
  CellArchetype(initial_terrain=4, is_coastal=False, dist   408  0.168  0.310  0.000  0.035  0.488  0.000
  CellArchetype(initial_terrain=10, is_coastal=False, dis   316  1.000  0.000  0.000  0.000  0.000  0.000
  CellArchetype(initial_terrain=1, is_coastal=False, dist   226  0.377  0.415  0.000  0.042  0.166  0.000
  CellArchetype(initial_terrain=11, is_coastal=False, dis   177  0.818  0.145  0.000  0.016  0.021  0.000
  CellArchetype(initial_terrain=11, is_coastal=True, dist   154  0.847  0.082  0.046  0.012  0.013  0.000
  CellArchetype(initial_terrain=4, is_coastal=True, dist_   144  0.113  0.160  0.114  0.028  0.585  0.000
  CellArchetype(initial_terrain=5, is_coastal=False, dist   119  0.000  0.000  0.000  0.000  0.000  1.000
  CellArchetype(initial_terrain=11, is_coastal=True, dist   102  0.553  0.199  0.164  0.031  0.052  0.000
  CellArchetype(initial_terrain=4, is_coastal=False, dist    71  0.036  0.154  0.000  0.014  0.796  0.000
  CellArchetype(initial_terrain=4, is_coastal=True, dist_    52  0.031  0.078  0.045  0.010  0.836  0.000

[07:11:50] Fetching round detail for fd3c92ff-3178-4dc9-8d9b-acf389b3982b...
[07:11:50]   Round 5: 40x40, 5 seeds
[07:11:50]   Fetching analysis for seed 0...
[07:11:50]     Score: None, GT shape: (40, 40, 6)
[07:11:50]   Fetching analysis for seed 1...
[07:11:51]     Score: None, GT shape: (40, 40, 6)
[07:11:51]   Fetching analysis for seed 2...
[07:11:51]     Score: None, GT shape: (40, 40, 6)
[07:11:51]   Fetching analysis for seed 3...
[07:11:51]     Score: None, GT shape: (40, 40, 6)
[07:11:51]   Fetching analysis for seed 4...
[07:11:52]     Score: None, GT shape: (40, 40, 6)

============================================================
  ASTAR ISLAND — Round 5 Analysis
============================================================

--- Per-Seed Scores ---
  Seed 0: N/A
  Seed 1: N/A
  Seed 2: N/A
  Seed 3: N/A
  Seed 4: N/A

--- Per-Seed Dynamics ---
  Seed 0: 1300 dynamic cells, avg weighted KL = 0.0000
  Seed 1: 1186 dynamic cells, avg weighted KL = 0.0000
  Seed 2: 1294 dynamic cells, avg weighted KL = 0.0000
  Seed 3: 1230 dynamic cells, avg weighted KL = 0.0000
  Seed 4: 1289 dynamic cells, avg weighted KL = 0.0000

--- Per-Terrain Analysis ---
  Terrain         Cells   Avg KL  Avg Entropy
  -------------- ------ -------- ------------
  Ocean            1023   0.0000       0.0000
  Plains           4843   0.0000       0.5160
  Forest           1727   0.0000       0.6283
  Settlement        232   0.0000       1.1185
  Mountain          167   0.0000       0.0000
  Port                8   0.0000       1.3259

--- Class Distribution Bias (dynamic cells only) ---
  Class           Predicted     Actual       Bias
  -------------- ---------- ---------- ----------
  Empty              0.0000     0.6225   -0.6225
  Settlement         0.0000     0.1311   -0.1311
  Port               0.0000     0.0091   -0.0091
  Ruin               0.0000     0.0136   -0.0136
  Forest             0.0000     0.2237   -0.2237
  Mountain           0.0000     0.0000 +   0.0000

--- Calibrated Priors (top 15 archetypes by cell count) ---
  Archetype                                                   N   Empt   Sett   Port   Ruin   Fore   Moun
  ------------------------------------------------------- -----  -----  -----  -----  -----  -----  -----
  CellArchetype(initial_terrain=11, is_coastal=False, dis  2635  0.868  0.097  0.000  0.010  0.025  0.000
  CellArchetype(initial_terrain=11, is_coastal=False, dis  1161  0.667  0.241  0.000  0.023  0.069  0.000
  CellArchetype(initial_terrain=4, is_coastal=False, dist   972  0.056  0.106  0.000  0.011  0.827  0.000
  CellArchetype(initial_terrain=10, is_coastal=False, dis   734  1.000  0.000  0.000  0.000  0.000  0.000
  CellArchetype(initial_terrain=11, is_coastal=True, dist   621  0.887  0.048  0.041  0.008  0.016  0.000
  CellArchetype(initial_terrain=4, is_coastal=False, dist   421  0.146  0.254  0.000  0.024  0.576  0.000
  CellArchetype(initial_terrain=10, is_coastal=False, dis   247  1.000  0.000  0.000  0.000  0.000  0.000
  CellArchetype(initial_terrain=1, is_coastal=False, dist   220  0.434  0.332  0.000  0.027  0.207  0.000
  CellArchetype(initial_terrain=4, is_coastal=True, dist_   211  0.039  0.055  0.042  0.009  0.855  0.000
  CellArchetype(initial_terrain=11, is_coastal=False, dis   192  0.996  0.003  0.000  0.000  0.000  0.000
  CellArchetype(initial_terrain=11, is_coastal=True, dist   141  0.655  0.124  0.126  0.023  0.072  0.000
  CellArchetype(initial_terrain=5, is_coastal=False, dist   127  0.000  0.000  0.000  0.000  0.000  1.000
  CellArchetype(initial_terrain=11, is_coastal=True, dist    93  0.997  0.001  0.001  0.000  0.000  0.000
  CellArchetype(initial_terrain=4, is_coastal=True, dist_    50  0.138  0.135  0.138  0.026  0.563  0.000
  CellArchetype(initial_terrain=4, is_coastal=False, dist    43  0.001  0.003  0.000  0.000  0.996  0.000

[07:11:52] Fetching round detail for 8e839974-b13b-407b-a5e7-fc749d877195...
[07:11:52]   Round 4: 40x40, 5 seeds
[07:11:52]   Fetching analysis for seed 0...
[07:11:52]     Score: 90.5099, GT shape: (40, 40, 6)
[07:11:52]   Fetching analysis for seed 1...
[07:11:53]     Score: 90.7545, GT shape: (40, 40, 6)
[07:11:53]   Fetching analysis for seed 2...
[07:11:53]     Score: 90.3112, GT shape: (40, 40, 6)
[07:11:53]   Fetching analysis for seed 3...
[07:11:55]     Score: 90.1129, GT shape: (40, 40, 6)
[07:11:55]   Fetching analysis for seed 4...
[07:11:55]     Score: 90.9651, GT shape: (40, 40, 6)

============================================================
  ASTAR ISLAND — Round 4 Analysis
============================================================

--- Per-Seed Scores ---
  Seed 0: 90.51
  Seed 1: 90.75
  Seed 2: 90.31
  Seed 3: 90.11
  Seed 4: 90.97
  Average: 90.53

--- Per-Seed Dynamics ---
  Seed 0: 1344 dynamic cells, avg weighted KL = 0.0332
  Seed 1: 1362 dynamic cells, avg weighted KL = 0.0323
  Seed 2: 1303 dynamic cells, avg weighted KL = 0.0340
  Seed 3: 1313 dynamic cells, avg weighted KL = 0.0347
  Seed 4: 1384 dynamic cells, avg weighted KL = 0.0316

--- Per-Terrain Analysis ---
  Terrain         Cells   Avg KL  Avg Entropy
  -------------- ------ -------- ------------
  Port               14   0.2693       1.1716
  Settlement        225   0.0532       1.1100
  Forest           1718   0.0380       0.6032
  Plains           4801   0.0274       0.5042
  Ocean            1064   0.0000       0.0000
  Mountain          178   0.0000       0.0000

--- Class Distribution Bias (dynamic cells only) ---
  Class           Predicted     Actual       Bias
  -------------- ---------- ---------- ----------
  Empty              0.6389     0.6449   -0.0060
  Settlement         0.0965     0.0953 +   0.0012
  Port               0.0077     0.0067 +   0.0010
  Ruin               0.0097     0.0096 +   0.0001
  Forest             0.2472     0.2436 +   0.0036
  Mountain           0.0000     0.0000 +   0.0000

--- Calibrated Priors (top 15 archetypes by cell count) ---
  Archetype                                                   N   Empt   Sett   Port   Ruin   Fore   Moun
  ------------------------------------------------------- -----  -----  -----  -----  -----  -----  -----
  CellArchetype(initial_terrain=11, is_coastal=False, dis  2595  0.855  0.097  0.000  0.009  0.038  0.000
  CellArchetype(initial_terrain=11, is_coastal=False, dis  1106  0.814  0.126  0.000  0.011  0.049  0.000
  CellArchetype(initial_terrain=4, is_coastal=False, dist   923  0.075  0.097  0.000  0.009  0.818  0.000
  CellArchetype(initial_terrain=10, is_coastal=False, dis   701  1.000  0.000  0.000  0.000  0.000  0.000
  CellArchetype(initial_terrain=11, is_coastal=True, dist   605  0.886  0.042  0.035  0.008  0.030  0.000
  CellArchetype(initial_terrain=4, is_coastal=False, dist   401  0.095  0.130  0.000  0.012  0.763  0.000
  CellArchetype(initial_terrain=10, is_coastal=False, dis   305  1.000  0.000  0.000  0.000  0.000  0.000
  CellArchetype(initial_terrain=4, is_coastal=True, dist_   231  0.061  0.039  0.038  0.008  0.854  0.000
  CellArchetype(initial_terrain=1, is_coastal=False, dist   214  0.487  0.239  0.000  0.021  0.252  0.000
  CellArchetype(initial_terrain=11, is_coastal=True, dist   171  0.974  0.012  0.008  0.001  0.005  0.000
  CellArchetype(initial_terrain=11, is_coastal=False, dis   164  0.965  0.027  0.000  0.003  0.005  0.000
  CellArchetype(initial_terrain=11, is_coastal=True, dist   160  0.828  0.065  0.054  0.010  0.043  0.000
  CellArchetype(initial_terrain=5, is_coastal=False, dist   139  0.000  0.000  0.000  0.000  0.000  1.000
  CellArchetype(initial_terrain=4, is_coastal=True, dist_    58  0.088  0.074  0.043  0.012  0.783  0.000
  CellArchetype(initial_terrain=10, is_coastal=False, dis    58  1.000  0.000  0.000  0.000  0.000  0.000

[07:11:55] Fetching round detail for f1dac9a9-5cf1-49a9-8f17-d6cb5d5ba5cb...
[07:11:55]   Round 3: 40x40, 5 seeds
[07:11:55]   Fetching analysis for seed 0...
[07:11:57]     Score: 86.46, GT shape: (40, 40, 6)
[07:11:57]   Fetching analysis for seed 1...
[07:11:57]     Score: 89.3301, GT shape: (40, 40, 6)
[07:11:57]   Fetching analysis for seed 2...
[07:11:57]     Score: 88.0268, GT shape: (40, 40, 6)
[07:11:57]   Fetching analysis for seed 3...
[07:11:58]     Score: 89.3971, GT shape: (40, 40, 6)
[07:11:58]   Fetching analysis for seed 4...
[07:11:59]     Score: 87.9611, GT shape: (40, 40, 6)

============================================================
  ASTAR ISLAND — Round 3 Analysis
============================================================

--- Per-Seed Scores ---
  Seed 0: 86.46
  Seed 1: 89.33
  Seed 2: 88.03
  Seed 3: 89.40
  Seed 4: 87.96
  Average: 88.24

--- Per-Seed Dynamics ---
  Seed 0: 372 dynamic cells, avg weighted KL = 0.0485
  Seed 1: 541 dynamic cells, avg weighted KL = 0.0376
  Seed 2: 407 dynamic cells, avg weighted KL = 0.0425
  Seed 3: 378 dynamic cells, avg weighted KL = 0.0374
  Seed 4: 400 dynamic cells, avg weighted KL = 0.0428

--- Per-Terrain Analysis ---
  Terrain         Cells   Avg KL  Avg Entropy
  -------------- ------ -------- ------------
  Port                8   0.0751       0.6896
  Settlement        207   0.0218       0.7076
  Forest           1691   0.0212       0.0869
  Plains           4855   0.0120       0.0507
  Ocean            1087   0.0000       0.0000
  Mountain          152   0.0000       0.0000

--- Class Distribution Bias (dynamic cells only) ---
  Class           Predicted     Actual       Bias
  -------------- ---------- ---------- ----------
  Empty              0.7379     0.7369 +   0.0010
  Settlement         0.0032     0.0031 +   0.0001
  Port               0.0011     0.0001 +   0.0010
  Ruin               0.0014     0.0007 +   0.0007
  Forest             0.2563     0.2592   -0.0028
  Mountain           0.0000     0.0000 +   0.0000

--- Calibrated Priors (top 15 archetypes by cell count) ---
  Archetype                                                   N   Empt   Sett   Port   Ruin   Fore   Moun
  ------------------------------------------------------- -----  -----  -----  -----  -----  -----  -----
  CellArchetype(initial_terrain=11, is_coastal=False, dis  2514  0.999  0.000  0.000  0.000  0.000  0.000
  CellArchetype(initial_terrain=11, is_coastal=False, dis  1012  0.947  0.009  0.000  0.002  0.042  0.000
  CellArchetype(initial_terrain=4, is_coastal=False, dist   874  0.002  0.001  0.000  0.000  0.998  0.000
  CellArchetype(initial_terrain=10, is_coastal=False, dis   642  1.000  0.000  0.000  0.000  0.000  0.000
  CellArchetype(initial_terrain=11, is_coastal=True, dist   570  1.000  0.000  0.000  0.000  0.000  0.000
  CellArchetype(initial_terrain=11, is_coastal=False, dis   404  1.000  0.000  0.000  0.000  0.000  0.000
  CellArchetype(initial_terrain=10, is_coastal=False, dis   396  1.000  0.000  0.000  0.000  0.000  0.000
  CellArchetype(initial_terrain=4, is_coastal=False, dist   355  0.104  0.010  0.000  0.002  0.884  0.000
  CellArchetype(initial_terrain=11, is_coastal=True, dist   217  1.000  0.000  0.000  0.000  0.000  0.000
  CellArchetype(initial_terrain=4, is_coastal=True, dist_   196  0.001  0.000  0.000  0.000  0.999  0.000
  CellArchetype(initial_terrain=1, is_coastal=False, dist   194  0.681  0.019  0.000  0.004  0.296  0.000
  CellArchetype(initial_terrain=4, is_coastal=False, dist   154  0.000  0.000  0.000  0.000  1.000  0.000
  CellArchetype(initial_terrain=11, is_coastal=True, dist   138  0.952  0.004  0.001  0.001  0.042  0.000
  CellArchetype(initial_terrain=5, is_coastal=False, dist    98  0.000  0.000  0.000  0.000  0.000  1.000
  CellArchetype(initial_terrain=4, is_coastal=True, dist_    68  0.000  0.000  0.000  0.000  1.000  0.000

[07:11:59] Fetching round detail for 76909e29-f664-4b2f-b16b-61b7507277e9...
[07:11:59]   Round 2: 40x40, 5 seeds
[07:11:59]   Fetching analysis for seed 0...
[07:12:00]     Score: 74.4493, GT shape: (40, 40, 6)
[07:12:00]   Fetching analysis for seed 1...
[07:12:00]     Score: 73.7086, GT shape: (40, 40, 6)
[07:12:00]   Fetching analysis for seed 2...
[07:12:01]     Score: 74.4189, GT shape: (40, 40, 6)
[07:12:01]   Fetching analysis for seed 3...
[07:12:01]     Score: 73.9764, GT shape: (40, 40, 6)
[07:12:01]   Fetching analysis for seed 4...
[07:12:01]     Score: 75.4337, GT shape: (40, 40, 6)

============================================================
  ASTAR ISLAND — Round 2 Analysis
============================================================

--- Per-Seed Scores ---
  Seed 0: 74.45
  Seed 1: 73.71
  Seed 2: 74.42
  Seed 3: 73.98
  Seed 4: 75.43
  Average: 74.40

--- Per-Seed Dynamics ---
  Seed 0: 1388 dynamic cells, avg weighted KL = 0.0984
  Seed 1: 1352 dynamic cells, avg weighted KL = 0.1017
  Seed 2: 1328 dynamic cells, avg weighted KL = 0.0985
  Seed 3: 1339 dynamic cells, avg weighted KL = 0.1005
  Seed 4: 1372 dynamic cells, avg weighted KL = 0.0940

--- Per-Terrain Analysis ---
  Terrain         Cells   Avg KL  Avg Entropy
  -------------- ------ -------- ------------
  Port               11   0.2039       1.3443
  Settlement        229   0.1087       1.1241
  Forest           1615   0.1047       0.9000
  Plains           4930   0.1011       0.7727
  Ocean            1077   0.0000       0.0000
  Mountain          138   0.0000       0.0000

--- Class Distribution Bias (dynamic cells only) ---
  Class           Predicted     Actual       Bias
  -------------- ---------- ---------- ----------
  Empty              0.4966     0.5683   -0.0717
  Settlement         0.2026     0.1988 +   0.0038
  Port               0.0530     0.0148 +   0.0382
  Ruin               0.0541     0.0193 +   0.0348
  Forest             0.1937     0.1988   -0.0052
  Mountain           0.0000     0.0000 +   0.0000

--- Calibrated Priors (top 15 archetypes by cell count) ---
  Archetype                                                   N   Empt   Sett   Port   Ruin   Fore   Moun
  ------------------------------------------------------- -----  -----  -----  -----  -----  -----  -----
  CellArchetype(initial_terrain=11, is_coastal=False, dis  2615  0.720  0.207  0.000  0.021  0.053  0.000
  CellArchetype(initial_terrain=11, is_coastal=False, dis  1169  0.699  0.227  0.000  0.020  0.054  0.000
  CellArchetype(initial_terrain=4, is_coastal=False, dist   875  0.117  0.206  0.000  0.020  0.656  0.000
  CellArchetype(initial_terrain=10, is_coastal=False, dis   708  1.000  0.000  0.000  0.000  0.000  0.000
  CellArchetype(initial_terrain=11, is_coastal=True, dist   638  0.746  0.112  0.087  0.015  0.039  0.000
  CellArchetype(initial_terrain=4, is_coastal=False, dist   407  0.124  0.235  0.000  0.020  0.621  0.000
  CellArchetype(initial_terrain=10, is_coastal=False, dis   316  1.000  0.000  0.000  0.000  0.000  0.000
  CellArchetype(initial_terrain=1, is_coastal=False, dist   215  0.381  0.417  0.000  0.034  0.167  0.000
  CellArchetype(initial_terrain=11, is_coastal=False, dis   206  0.838  0.130  0.000  0.012  0.020  0.000
  CellArchetype(initial_terrain=4, is_coastal=True, dist_   165  0.090  0.123  0.086  0.015  0.685  0.000
  CellArchetype(initial_terrain=11, is_coastal=True, dist   162  0.878  0.067  0.036  0.007  0.013  0.000
  CellArchetype(initial_terrain=11, is_coastal=True, dist   140  0.695  0.144  0.099  0.017  0.044  0.000
  CellArchetype(initial_terrain=5, is_coastal=False, dist   106  0.000  0.000  0.000  0.000  0.000  1.000
  CellArchetype(initial_terrain=4, is_coastal=False, dist    79  0.043  0.142  0.000  0.012  0.804  0.000
  CellArchetype(initial_terrain=10, is_coastal=False, dis    53  1.000  0.000  0.000  0.000  0.000  0.000

[07:12:01] Fetching round detail for 71451d74-be9f-471f-aacd-a41f3b68a9cd...
[07:12:01]   Round 1: 40x40, 5 seeds
[07:12:01]   Fetching analysis for seed 0...
[07:12:02]     Score: None, GT shape: (40, 40, 6)
[07:12:02]   Fetching analysis for seed 1...
[07:12:02]     Score: None, GT shape: (40, 40, 6)
[07:12:02]   Fetching analysis for seed 2...
[07:12:02]     Score: None, GT shape: (40, 40, 6)
[07:12:02]   Fetching analysis for seed 3...
[07:12:02]     Score: None, GT shape: (40, 40, 6)
[07:12:02]   Fetching analysis for seed 4...
[07:12:03]     Score: None, GT shape: (40, 40, 6)

============================================================
  ASTAR ISLAND — Round 1 Analysis
============================================================

--- Per-Seed Scores ---
  Seed 0: N/A
  Seed 1: N/A
  Seed 2: N/A
  Seed 3: N/A
  Seed 4: N/A

--- Per-Seed Dynamics ---
  Seed 0: 1293 dynamic cells, avg weighted KL = 0.0000
  Seed 1: 1326 dynamic cells, avg weighted KL = 0.0000
  Seed 2: 1331 dynamic cells, avg weighted KL = 0.0000
  Seed 3: 1366 dynamic cells, avg weighted KL = 0.0000
  Seed 4: 1274 dynamic cells, avg weighted KL = 0.0000

--- Per-Terrain Analysis ---
  Terrain         Cells   Avg KL  Avg Entropy
  -------------- ------ -------- ------------
  Ocean            1016   0.0000       0.0000
  Plains           4882   0.0000       0.6131
  Forest           1723   0.0000       0.6974
  Settlement        201   0.0000       1.1274
  Mountain          171   0.0000       0.0000
  Port                7   0.0000       1.3453

--- Class Distribution Bias (dynamic cells only) ---
  Class           Predicted     Actual       Bias
  -------------- ---------- ---------- ----------
  Empty              0.0000     0.5911   -0.5911
  Settlement         0.0000     0.1640   -0.1640
  Port               0.0000     0.0142   -0.0142
  Ruin               0.0000     0.0128   -0.0128
  Forest             0.0000     0.2180   -0.2180
  Mountain           0.0000     0.0000 +   0.0000

--- Calibrated Priors (top 15 archetypes by cell count) ---
  Archetype                                                   N   Empt   Sett   Port   Ruin   Fore   Moun
  ------------------------------------------------------- -----  -----  -----  -----  -----  -----  -----
  CellArchetype(initial_terrain=11, is_coastal=False, dis  2575  0.776  0.172  0.000  0.014  0.039  0.000
  CellArchetype(initial_terrain=11, is_coastal=False, dis  1017  0.705  0.233  0.000  0.016  0.045  0.000
  CellArchetype(initial_terrain=4, is_coastal=False, dist   920  0.080  0.173  0.000  0.014  0.733  0.000
  CellArchetype(initial_terrain=10, is_coastal=False, dis   660  1.000  0.000  0.000  0.000  0.000  0.000
  CellArchetype(initial_terrain=11, is_coastal=True, dist   545  0.786  0.087  0.092  0.010  0.024  0.000
  CellArchetype(initial_terrain=11, is_coastal=False, dis   467  0.962  0.033  0.000  0.002  0.003  0.000
  CellArchetype(initial_terrain=4, is_coastal=False, dist   356  0.097  0.239  0.000  0.017  0.647  0.000
  CellArchetype(initial_terrain=10, is_coastal=False, dis   314  1.000  0.000  0.000  0.000  0.000  0.000
  CellArchetype(initial_terrain=1, is_coastal=False, dist   190  0.373  0.414  0.000  0.031  0.182  0.000
  CellArchetype(initial_terrain=4, is_coastal=True, dist_   181  0.045  0.093  0.098  0.009  0.755  0.000
  CellArchetype(initial_terrain=11, is_coastal=True, dist   181  0.960  0.021  0.015  0.002  0.003  0.000
  CellArchetype(initial_terrain=4, is_coastal=False, dist   164  0.004  0.029  0.000  0.001  0.965  0.000
  CellArchetype(initial_terrain=5, is_coastal=False, dist   125  0.000  0.000  0.000  0.000  0.000  1.000
  CellArchetype(initial_terrain=11, is_coastal=True, dist    97  0.649  0.144  0.158  0.015  0.033  0.000
  CellArchetype(initial_terrain=4, is_coastal=True, dist_    62  0.005  0.017  0.012  0.002  0.965  0.000

[07:12:03] Saved calibration to /Users/m/Programmering/2025/nm-i-ai/task-3-astar_island/calibration.json
[07:12:03]   48 archetype priors, 6 terrain priors, 12 round(s) analyzed
[06:12:03 UTC] Analysis complete — calibration updated
[06:12:03 UTC] Round 795bfb1f analyzed and calibration updated
[06:12:03 UTC] No active round to resubmit
[06:12:03 UTC] Waiting for next round (polling every 60s)...
[06:18:08 UTC] New active round found: 7b4bda99 (round 13)
[06:18:08 UTC] Running pipeline: /Users/m/Programmering/2025/nm-i-ai/task-3-astar_island/.venv/bin/python3 run.py 7b4bda99-6165-4221-97cc-27880f5e6d95
[07:18:09] Phase 0: Fetching round info...
[07:18:09]   Using specified round: 7b4bda99-6165-4221-97cc-27880f5e6d95
[07:18:10]   Map: 40x40, 5 seeds
[07:18:10]   Seed 0: 43 settlements, 1384 dynamic cells
[07:18:10]   Seed 1: 53 settlements, 1350 dynamic cells
[07:18:10]   Seed 2: 54 settlements, 1359 dynamic cells
[07:18:10]   Seed 3: 44 settlements, 1382 dynamic cells
[07:18:10]   Seed 4: 56 settlements, 1363 dynamic cells
[07:18:10]   Budget: 0/50 queries used
[07:18:10] Phase 1: Planning coverage queries (budget: 50)...
[07:18:10]   Coverage: 45 queries, repeat budget: 5
[07:18:10]   Executing coverage queries...
[07:18:29]     [10/45] seed=4 vp=(11,0) budget=24/50
[07:18:38]     [20/45] seed=4 vp=(0,14) budget=39/50
[07:18:44]     [25/45] ERROR: 429 Client Error: Too Many Requests for url: https://api.ainm.no/astar-island/simulate
[07:18:44]     Rate limited or budget exhausted, stopping coverage.
[07:18:44] Phase 2: Skipped (no repeat budget)
[obs_store] Saved to /Users/m/Programmering/2025/nm-i-ai/task-3-astar_island/data/obs_7b4bda99.npz + /Users/m/Programmering/2025/nm-i-ai/task-3-astar_island/data/obs_7b4bda99.json
[predictor] Loaded calibration: 48 archetype priors, 6 terrain priors from 12 round(s)
[predictor] Adaptive τ: 14 archetypes, avg_jsd=0.0055, τ range=[14.7, 39.7], round τ=39.5 (weighted median)
[predictor] Round τ=39.5, regime='easy'
[07:18:44] Phase 3: Generating predictions...
[07:18:44]   Seed 0: 964/1600 cells observed, prediction shape=(40, 40, 6)
[07:18:44]   Seed 1: 964/1600 cells observed, prediction shape=(40, 40, 6)
[07:18:44]   Seed 2: 964/1600 cells observed, prediction shape=(40, 40, 6)
[07:18:44]   Seed 3: 912/1600 cells observed, prediction shape=(40, 40, 6)
[07:18:44]   Seed 4: 810/1600 cells observed, prediction shape=(40, 40, 6)
[07:18:44] Phase 5: Submitting predictions...
[07:18:44]   Seed 0: max sum deviation=0.000000, negatives=False
[07:18:45]   Seed 0: submitted -> {'status': 'accepted', 'round_id': '7b4bda99-6165-4221-97cc-27880f5e6d95', 'seed_index': 0}
[07:18:45]   Seed 1: max sum deviation=0.000000, negatives=False
[07:18:45]   Seed 1: submitted -> {'status': 'accepted', 'round_id': '7b4bda99-6165-4221-97cc-27880f5e6d95', 'seed_index': 1}
[07:18:45]   Seed 2: max sum deviation=0.000000, negatives=False
[07:18:47]   Seed 2: submitted -> {'status': 'accepted', 'round_id': '7b4bda99-6165-4221-97cc-27880f5e6d95', 'seed_index': 2}
[07:18:47]   Seed 3: max sum deviation=0.000000, negatives=False
[07:18:48]   Seed 3: submitted -> {'status': 'accepted', 'round_id': '7b4bda99-6165-4221-97cc-27880f5e6d95', 'seed_index': 3}
[07:18:48]   Seed 4: max sum deviation=0.000000, negatives=False
[07:18:49]   Seed 4: submitted -> {'status': 'accepted', 'round_id': '7b4bda99-6165-4221-97cc-27880f5e6d95', 'seed_index': 4}
[07:18:49] Done!
[07:18:49] --- Observation Summary ---
[07:18:49]   Seed 0: unobserved=636, once=812, 2+=152
[07:18:49]   Seed 1: unobserved=636, once=812, 2+=152
[07:18:49]   Seed 2: unobserved=636, once=812, 2+=152
[07:18:49]   Seed 3: unobserved=688, once=726, 2+=186
[07:18:49]   Seed 4: unobserved=790, once=724, 2+=86
[06:18:49 UTC] Pipeline complete — predictions submitted
[06:18:49 UTC] Waiting for round 7b4bda99 to complete (polling every 30s)...
